абакан
кандалакша
пенза
александров
канск
первоуральск
альметьевск
кемерово
пермь
анапа
кимры
петрозаводск
ангарск
кинешма
петропавловск-камчатский
анжеро-судженск
киров
подольск
арзамас
киселевск
прокопьевск
армавир
кисловодск
псков
архангельск
клин
пятигорск
астрахань
клинцы
реутов
ачинск
ковров
ростов
балашиха
коломна
ростов-на-дону
барнаул
комсомольск-на-амуре
рубцовск
белгород
копейск
рыбинск
белово
королев
рязань
белорецк
кострома
салехард
березники
котельнич
самара
бийск
котлас
питер:ProperName=Санкт-Петербург
санкт-петербург:ProperName=Санкт-Петербург
биробиджан
красногорск
саранск
благовещенск
краснодар
сарапул
братск
красноуфимск
саратов
брянск
красноярск
севеpодвинск
бузулук
кузнецк
северодвинск
великие луки
кунгур
сергиев-посад
видное
курган
серов
владивосток
курск
серпухов
владикавказ
кызыл
смоленск
ленинск-кузнецкий
сортавала
воpонеж
липецк
сочи
волгоград
лыткарино
ставрополь
волгодонск
люберцы
старый оскол
волжский
магадан
стерлитамак
вологда
магнитогорск
сургут
воркута
майкоп
сызрань
воронеж
малаховка
сыктывкар
воткинск
махачкала
таганрог
выборг
междуреченск
тайшет
вышний волочек
миасс
тамбов
вятка
минеральные воды
тверь
гатчина
минусинск
тобольск
геленджик
мичуринск
тольятти
георгиевск
москва
томск
глазов
мурманск
торжок
горно-алтайск
муром
троицк
губкин
мытищи
тула
гусь-хрустальный
набережные челны
тюмень
дзержинск
надым
улан-удэ
дзержинский
нальчик
ульяновск
димитровград
находка
усолье-сибирское
дмитров
невинномысск
уссурийск
долгопрудный
нефтекамск
усть-кут
егорьевск
нижневартовск
уфа
ейск
нижнекамск
ухта
екатеринбург
нижний новгород
хабаровск
елец
нижний тагил
химки
ессентуки
новгород
чайковский
железнодорожный
новодвинск
чебоксары
жуковский
новокузнецк
челябинск
зеленоград
новокуйбышевск
череповец
златоуст
новомосковск
черкесск
иваново
новороссийск
чистополь
ижевск
новосибирск
чита
инта
новочебоксарск
шахты
иркутск
новочеркасск
шуя
йошкар-ола
норильск
щелково
казань
обнинск
электросталь
калининград
одинцово
элиста
калуга
октябрьский
энгельс
каменск-уральский
омск
юбилейный
каменск-шахтинский
орел
южно-сахалинск
камышин
оренбург
якутск
канаш
орехово-зуево
ярославль
прага
праге
праги
прагой
прагу
прага
праге
праги
прагой
прагу
москва
москве
москвой
москву
москвы
москва
москве
москвой
москву
москвы
киев
киева
киеве
киевом
киеву
киев
киева
киеве
киевом
киеву
магдебург
магдебурга
магдебурге
магдебургом
магдебургу
магдебург
магдебурга
магдебурге
магдебургом
магдебургу
мадрид
мадрида
мадриде
мадридом
мадриду
мадрид
мадрида
мадриде
мадридом
мадриду
ричмонд
ричмонда
ричмонде
ричмондом
ричмонду
ричмонд
ричмонда
ричмонде
ричмондом
ричмонду
брюсселе
брюсселем
брюссель
брюсселя
брюсселю
брюсселе
брюсселем
брюссель
брюсселя
брюсселю
магнитогорск
магнитогорска
магнитогорску
магнитогорске
магнитогорском
магнитогорск
магнитогорска
магнитогорску
магнитогорске
магнитогорском
амстердам
амстердама
амстердаме
амстердамом
амстердаму
амстердам
амстердама
амстердаме
амстердамом
амстердаму
багдад
багдада
багдаде
багдадом
багдаду
багдад
багдада
багдаде
багдадом
багдаду
бангалор
бангалора
бангалоре
бангалором
бангалору
бангалор
бангалора
бангалоре
бангалором
бангалору
бангкок
бангкока
бангкоке
бангкоком
бангкоку
бангкок
бангкока
бангкоке
бангкоком
бангкоку
берлин
берлина
берлине
берлином
берлину
берлин
берлина
берлине
берлином
берлину
бостон
бостона
бостоне
бостоном
бостону
бостон
бостона
бостоне
бостоном
бостону
будапешт
будапешта
будапеште
будапештом
будапешту
будапешт
будапешта
будапеште
будапештом
будапешту
вашингтон
вашингтона
вашингтоне
вашингтоном
вашингтону
вашингтон
вашингтона
вашингтоне
вашингтоном
вашингтону
вифлеем
вифлеема
вифлееме
вифлеемом
вифлеему
вифлеем
вифлеема
вифлееме
вифлеемом
вифлеему
владивосток
владивостока
владивостоке
владивостоком
владивостоку
владивосток
владивостока
владивостоке
владивостоком
владивостоку
иерусалим
иерусалима
иерусалиме
иерусалимом
иерусалиму
иерусалим
иерусалима
иерусалиме
иерусалимом
иерусалиму
кабул
кабула
кабуле
кабулом
кабулу
кабул
кабула
кабуле
кабулом
кабулу
копенгаген
копенгагена
копенгагене
копенгагеном
копенгагену
копенгаген
копенгагена
копенгагене
копенгагеном
копенгагену
красноярск
красноярска
красноярске
красноярском
красноярску
красноярск
красноярска
красноярске
красноярском
красноярску
крым
крыма
крыме
крымом
крыму
крым
крыма
крыме
крымом
крыму
курск
курска
курске
курском
курску
курск
курска
курске
курском
курску
ленинград
ленинграда
ленинграде
ленинградом
ленинграду
ленинград
ленинграда
ленинграде
ленинградом
ленинграду
лондон
лондона
лондоне
лондоном
лондону
лондон
лондона
лондоне
лондоном
лондону
львов
львова
львове
львовом
львову
львов
львова
львове
львовом
львову
маастрихт
маастрихта
маастрихте
маастрихтом
маастрихту
маастрихт
маастрихта
маастрихте
маастрихтом
маастрихту
магадан
магадана
магадане
магаданом
магадану
магадан
магадана
магадане
магаданом
магадану
минск
минска
минске
минском
минску
минск
минска
минске
минском
минску
новгород
новгорода
новгороде
новгородом
новгороду
новгород
новгорода
новгороде
новгородом
новгороду
новосибирск
новосибирска
новосибирске
новосибирском
новосибирску
новосибирск
новосибирска
новосибирске
новосибирском
новосибирску
омск
омска
омске
омском
омску
омск
омска
омске
омском
омску
париж
парижа
париже
парижем
парижу
париж
парижа
париже
парижем
парижу
пекин
пекина
пекине
пекином
пекину
пекин
пекина
пекине
пекином
пекину
петербург
петербурга
петербурге
петербургом
петербургу
петербург
петербурга
петербурге
петербургом
петербургу
петергоф
петергофа
петергофе
петергофом
петергофу
петергоф
петергофа
петергофе
петергофом
петергофу
рим
рима
риме
римом
риму
рим
рима
риме
римом
риму
хабаровск
хабаровска
хабаровске
хабаровском
хабаровску
хабаровск
хабаровска
хабаровске
хабаровском
хабаровску
якутск
якутска
якутске
якутском
якутску
якутск
якутска
якутске
якутском
якутску
баку
баку
дели
дели
тбилиси
тбилиси
токио
токио
мексико
мексико
сочи
сочи
бейрут
бейрута
бейруте
бейрутом
бейруту
бейрут
бейрута
бейруте
бейрутом
бейруту
волгоград
волгограда
волгограде
волгоградом
волгограду
волгоград
волгограда
волгограде
волгоградом
волгограду
волгодонск
волгодонска
волгодонске
волгодонском
волгодонску
волгодонск
волгодонска
волгодонске
волгодонском
волгодонску
гонконг
гонконга
гонконге
гонконгом
гонконгу
гонконг
гонконга
гонконге
гонконгом
гонконгу
донецк
донецка
донецке
донецком
донецку
донецк
донецка
донецке
донецком
донецку
екатеринбург
екатеринбурга
екатеринбурге
екатеринбургом
екатеринбургу
екатеринбург
екатеринбурга
екатеринбурге
екатеринбургом
екатеринбургу
зеленоград
зеленограда
зеленограде
зеленоградом
зеленограду
зеленоград
зеленограда
зеленограде
зеленоградом
зеленограду
зеленокумск
зеленокумска
зеленокумске
зеленокумском
зеленокумску
зеленокумск
зеленокумска
зеленокумске
зеленокумском
зеленокумску
исламабад
исламабада
исламабаде
исламабадом
исламабаду
исламабад
исламабада
исламабаде
исламабадом
исламабаду
казбек
казбека
казбеке
казбеком
казбеку
казбек
казбека
казбеке
казбеком
казбеку
калининград
калининграда
калининграде
калининградом
калининграду
калининград
калининграда
калининграде
калининградом
калининграду
кандагар
кандагара
кандагаре
кандагаром
кандагару
кандагар
кандагара
кандагаре
кандагаром
кандагару
каракас
каракаса
каракасе
каракасом
каракасу
каракас
каракаса
каракасе
каракасом
каракасу
квебек
квебека
квебеке
квебеком
квебеку
квебек
квебека
квебеке
квебеком
квебеку
кишинев
кишинева
кишиневе
кишиневом
кишиневу
кишинев
кишинева
кишиневе
кишиневом
кишиневу
кунашир
кунашира
кунашире
кунаширом
кунаширу
кунашир
кунашира
кунашире
кунаширом
кунаширу
новороссийск
новороссийска
новороссийске
новороссийском
новороссийску
новороссийск
новороссийска
новороссийске
новороссийском
новороссийску
питсбург
питсбурга
питсбурге
питсбургом
питсбургу
питсбург
питсбурга
питсбурге
питсбургом
питсбургу
пхеньян
пхеньяна
пхеньяне
пхеньяном
пхеньяну
пхеньян
пхеньяна
пхеньяне
пхеньяном
пхеньяну
пятигорск
пятигорска
пятигорске
пятигорском
пятигорску
пятигорск
пятигорска
пятигорске
пятигорском
пятигорску
ростов
ростова
ростове
ростовом
ростову
ростов
ростова
ростове
ростовом
ростову
сеул
сеула
сеуле
сеулом
сеулу
сеул
сеула
сеуле
сеулом
сеулу
смоленск
смоленска
смоленске
смоленском
смоленску
смоленск
смоленска
смоленске
смоленском
смоленску
солигорск
солигорска
солигорске
солигорском
солигорску
солигорск
солигорска
солигорске
солигорском
солигорску
страсбург
страсбурга
страсбурге
страсбургом
страсбургу
страсбург
страсбурга
страсбурге
страсбургом
страсбургу
иркутск
иркутска
иркутске
иркутском
иркутском
иркутск
иркутска
иркутске
иркутском
иркутском
воронеж
воронежа
воронеже
воронежем
воронежу
воронеж
воронежа
воронеже
воронежем
воронежу
внуково
внуково
шереметьево
шереметьево

