смысл жизнь:threatType=all
чакра:threatType=all
садовод:threatType=all
сайлент хилл:threatType=all
сайлента хилл:threatType=all
стихотворение:threatType=all
сохранять себе:threatType=all
сохранять себя:threatType=all
сохранять себ:threatType=all
по официальный статистик:threatType=all
по официальный статистика:threatType=all
следовать знать:threatType=all
любить осень:threatType=all
жидкий обои:threatType=all
ремонт в новостройка:threatType=all
буковский:threatType=all
буковск:threatType=all
буковски:threatType=all
требование пдд:threatType=all
беларусь:threatType=all
минск:threatType=all
мариуполь:threatType=all
половодье чувство:threatType=all
возгорание дома:threatType=all
возгорание дом:threatType=all
ритуал:threatType=all
свеча:threatType=all
украина:threatType=all
могилевчане:threatType=all
положительный энергия:threatType=all
горящий машина:threatType=all
горящий машин:threatType=all
гореть помещение:threatType=all
заклинание:threatType=all
давным-давно:threatType=all
если вы присниться:threatType=all
спасаться при землетрясение:threatType=all
спасаться пря землетрясение:threatType=all
правило пожарный безопасность:threatType=all
сражение:threatType=all
квартира:threatType=Threat_Wildfire
квартира:threatType=Fact_Wildfire
квартира:threatType=Threat_RoadAccident
проводка:threatType=Fact_Wildfire
гречка:threatType=Threat_Wildfire
кальян:threatType=Threat_Wildfire
комфортабельный внедорожник:threatType=all
статистик нарушение:threatType=all
статистика нарушение:threatType=all
шизуо:threatType=all
антирадар:threatType=Threat_RoadAccident
веломаньяк:threatType=Threat_RoadAccident
веломанияк:threatType=Threat_RoadAccident
настоящий велосипедист:threatType=Threat_RoadAccident
полезный информация:threatType=all
правило дорожный движение:threatType=Threat_RoadAccident
профилактический работа:threatType=all
активный гражданин:threatType=all
сообщать о проблема:threatType=all
лермонтов:threatType=all
чугунный пушка:threatType=all
чугунный пушок:threatType=all
отправлять жалоба:threatType=all
вы мочь отсуживать:threatType=all
люк чердачный:threatType=Threat_RoadAccident
мобильный приложение:threatType=Threat_RoadAccident
православие:threatType=all
дорожный фонд:threatType=Threat_RoadAccident
Chocolate:threatType=all
танк:threatType=Threat_RoadAccident
лодка:threatType=Threat_RoadAccident
катамаран:threatType=Threat_RoadAccident
яхта:threatType=Threat_RoadAccident
дорогой мы образ:threatType=Threat_RoadAccident
пожаловаться в государственный орган:threatType=Threat_RoadAccident
кредитмэн:threatType=all
убойный история:threatType=all
сердитый гражданин:threatType=all
замирать весь живой:threatType=all
замирать все живой:threatType=all
разрабатывать смесь:threatType=all
рассказывать забавный история:threatType=all
чтобы получать консультация:threatType=all
ямка для очаг:threatType=all
свет в конец тоннель:threatType=all
света в конец тоннель:threatType=all
среди велосипедист:threatType=all
презентация:threatType=all
предоставлять услуга:threatType=all
квалифицированный услуга:threatType=all
лондонский мост:threatType=Threat_RoadAccident
житейский правило:threatType=all
правило проезд нерегулируемый перекресток:threatType=all
зеленый сигнал светофор:threatType=Threat_RoadAccident
уборка мусор:threatType=Threat_Wildfire
быть ликвидировать:threatType=all
угроза обрушение нет:threatType=Threat_BuildingCollapse
угроза пожар нет:threatType=Threat_Wildfire
угроза дтп нет:threatType=Threat_RoadAccident
общий сведение о:threatType=all
давать дорога дурак:threatType=all
в россия медведь ходить:threatType=all
в студеный зимний пора:threatType=all
сообщать на портал:threatType=all
сообщить на портал:threatType=all
районный суд:threatType=all
провести проверка:threatType=all
проводить проверка:threatType=all
мчс россия:threatType=all
пресс-служба:threatType=all
песнь:threatType=all
отреагировать:threatType=all
госавтоинспекция:threatType=Threat_RoadAccident
управление дорожный хозяйство:threatType=Threat_RoadAccident
полиция:threatType=all
отремонтировать:threatType=Threat_RoadAccident
экипаж ДПС:threatType=all
сообщение поступить:threatType=all
сообщение поступать:threatType=all
горводоканал:threatType=all
корреспондент:threatType=all
агентство информация:threatType=all
диспетчерская:threatType=all
сообщать в:threatType=all
сообщить в:threatType=all
коммунальщик:threatType=all
администрация:threatType=all
авторадио:threatType=all
сотрудник дорожный:threatType=all
дорожный служба:threatType=all
орган мчс:threatType=all
прогноз:threatType=all
миссисипи:threatType=Threat_Flooding
управляющий компания:threatType=all
продавать:threatType=all
прокуратура:threatType=all
субботник:threatType=all
портал:threatType=all
выводок:threatType=all
вести себя при:threatType=all
весть себя при:threatType=all
вести себя пря:threatType=all
весть себя пря:threatType=all
лисица:threatType=Threat_Flooding
хайку:threatType=all
хокку:threatType=all
комбинат благоустройство:threatType=all
news:threatType=all
ГИБДД:threatType=all
гибдд:threatType=all
дорожный новость:threatType=all
обслуживание автомобиль:threatType=Threat_RoadAccident
уголовный дело:threatType=all
опубликовать опрос:threatType=all
электронный почта:threatType=all
любовь:threatType=all
спасатель:threatType=all
фильм:threatType=all
добрый утро:threatType=all
департамент транспорт:threatType=all
работать над:threatType=all
как сообщить:threatType=all
как сообщать:threatType=all
тушение:threatType=Fact_Wildfire
за граница:threatType=all
обнести лента:threatType=all
обносить лента:threatType=all
страховой случай:threatType=all
страхов случай:threatType=all
страховой полис:threatType=all
страхов полис:threatType=all
заседание:threatType=all
компьютерный игра:threatType=all
работать специалист:threatType=all
специалист работать:threatType=all
вторичный жилье:threatType=all
компьютер:threatType=Threat_PowerFailure
наушник:threatType=Threat_PowerFailure
поступить информация:threatType=all
поступать информация:threatType=all
нтв:threatType=all