агрофирма:ProperName=агрофирма:non_adj=false
бассейн:ProperName=бассейн:non_adj=false
болот:ProperName=болото:plur=болота:non_adj=false
болото:ProperName=болото:plur=болота:non_adj=false
больница:ProperName=больница:non_adj=false
водолечебница:ProperName=водолечебница:non_adj=false
водохранилище:ProperName=водохранилище:non_adj=false
вокзал:ProperName=вокзал:non_adj=false
гора:ProperName=гора:plur=горы:non_adj=false
горка:ProperName=горка:plur=горки:non_adj=false
горки:ProperName=горка:plur=горки:non_adj=false
гостиница:ProperName=гостиница:non_adj=false
дорога:ProperName=дорога:non_adj=false
дорогой:ProperName=дорога:non_adj=false
гипермаркет:ProperName=гипермаркет:non_adj=false
дворец:ProperName=дворец:non_adj=false
супермаркет:ProperName=супермаркет:non_adj=false
завод:ProperName=завод:non_adj=false
заповедник:ProperName=заповедник:non_adj=false
интернат:ProperName=интернат:non_adj=false
кафе:ProperName=кафе:non_adj=false
кинотеатр:ProperName=кинотеатр:non_adj=false
лесничество:ProperName=лесничество:non_adj=false
лесопарк:ProperName=лесопарк:non_adj=false
магазин:ProperName=магазин:non_adj=false
метро:ProperName=метро:non_adj=false
мост:ProperName=мост:non_adj=false
озеро:ProperName=озеро:plur=озеро:non_adj=false
остановка:ProperName=остановка:non_adj=false
парк:ProperName=парк:non_adj=false
плаза:ProperName=плаза:non_adj=true
перевал:ProperName=перевал:non_adj=false
река:ProperName=река:non_adj=false
товарищество:ProperName=товарищество:non_adj=false
торфяник:ProperName=торфяник:non_adj=false
торфяники:ProperName=торфяник:plur=торфяники:non_adj=false
торговый центр:ProperName=торговый центр:non_adj=false
тц:ProperName=тц:non_adj=false
ущелье:ProperName=ущелье:non_adj=false
школа:ProperName=школа:non_adj=false
