дождеприемник:threat_indicator=gulley_manhole_damage
дождеприемный колодец:threat_indicator=gulley_manhole_damage
канализационный люк:threat_indicator=gulley_manhole_damage
люк:threat_indicator=gulley_manhole_damage
люка:threat_indicator=gulley_manhole_damage
крышка люка:threat_indicator=gulley_manhole_damage
решетка дождеприемник:threat_indicator=gulley_manhole_damage
ливневый решетка:threat_indicator=gulley_manhole_damage
ливневый решетка дождеприемника:threat_indicator=gulley_manhole_damage
светофор:threat_indicator=signal_damage
светофорь:threat_indicator=signal_damage
светофорный объектовый:threat_indicator=signal_damage
светофорный объект:threat_indicator=signal_damage
средства регулирование:threat_indicator=signal_damage
средство регулирование:threat_indicator=signal_damage
маяк:threat_indicator=signal_damage
ограждение:threat_indicator=fence_damage
дорожный знак:threat_indicator=road_sign_damage
знак уступить дорога:threat_indicator=road_sign_damage
дорожный разметка:threat_indicator=road_marking_damage
мост:threat_indicator=bridge_damage
разметка:threat_indicator=road_marking_damage
стоп линия:threat_indicator=road_marking_damage
шлагбаум:threat_indicator=railway_crossing_damage
сигнальный столбик:threat_indicator=fence_damage
переезд:threat_indicator=railway_crossing_damage
жд переезд:threat_indicator=railway_crossing_damage
ж/д переезд:threat_indicator=railway_crossing_damage